Archive member included because of file (symbol)

/home/felipe/projects_study/automation/beremiz/related-projects/ioton_plc/libopencm3_stm32f4/lib/libopencm3_stm32f4.a(pwr.o)
                              plc_clock.o (pwr_set_vos_scale)
/home/felipe/projects_study/automation/beremiz/related-projects/ioton_plc/libopencm3_stm32f4/lib/libopencm3_stm32f4.a(rcc.o)
                              plc_clock.o (rcc_wait_for_osc_ready)
/home/felipe/projects_study/automation/beremiz/related-projects/ioton_plc/libopencm3_stm32f4/lib/libopencm3_stm32f4.a(gpio_common_all.o)
                              plc_diag.o (gpio_set)
/home/felipe/projects_study/automation/beremiz/related-projects/ioton_plc/libopencm3_stm32f4/lib/libopencm3_stm32f4.a(gpio_common_f0234.o)
                              plc_serial.o (gpio_mode_setup)
/home/felipe/projects_study/automation/beremiz/related-projects/ioton_plc/libopencm3_stm32f4/lib/libopencm3_stm32f4.a(pwr_common_all.o)
                              plc_backup.o (pwr_disable_backup_domain_write_protect)
/home/felipe/projects_study/automation/beremiz/related-projects/ioton_plc/libopencm3_stm32f4/lib/libopencm3_stm32f4.a(rtc_common_l1f024.o)
                              plc_rtc.o (rtc_set_prescaler)
/home/felipe/projects_study/automation/beremiz/related-projects/ioton_plc/libopencm3_stm32f4/lib/libopencm3_stm32f4.a(timer_common_all.o)
                              plc_wait_tmr.o (timer_reset)
/home/felipe/projects_study/automation/beremiz/related-projects/ioton_plc/libopencm3_stm32f4/lib/libopencm3_stm32f4.a(usart_common_all.o)
                              plc_serial.o (usart_set_baudrate)
/home/felipe/projects_study/automation/beremiz/related-projects/ioton_plc/libopencm3_stm32f4/lib/libopencm3_stm32f4.a(usart_common_f124.o)
                              plc_serial.o (usart_send)
/home/felipe/projects_study/automation/beremiz/related-projects/ioton_plc/libopencm3_stm32f4/lib/libopencm3_stm32f4.a(flash_common_f234.o)
                              plc_clock.o (flash_set_ws)
/home/felipe/projects_study/automation/beremiz/related-projects/ioton_plc/libopencm3_stm32f4/lib/libopencm3_stm32f4.a(rcc_common_all.o)
                              plc_wait_tmr.o (rcc_periph_clock_enable)
/home/felipe/projects_study/automation/beremiz/related-projects/ioton_plc/libopencm3_stm32f4/lib/libopencm3_stm32f4.a(vector.o)
                              (reset_handler)
/home/felipe/projects_study/automation/beremiz/related-projects/ioton_plc/libopencm3_stm32f4/lib/libopencm3_stm32f4.a(systick.o)
                              plc_tick.o (systick_set_reload)
/home/felipe/projects_study/automation/beremiz/related-projects/ioton_plc/libopencm3_stm32f4/lib/libopencm3_stm32f4.a(scb.o)
                              plc_clock.o (scb_reset_system)
/home/felipe/projects_study/automation/beremiz/related-projects/ioton_plc/libopencm3_stm32f4/lib/libopencm3_stm32f4.a(nvic.o)
                              plc_wait_tmr.o (nvic_enable_irq)
/home/felipe/projects_study/automation/beremiz/related-projects/ioton_plc/libopencm3_stm32f4/lib/libopencm3_stm32f4.a(dwt.o)
                              plc_diag.o (dwt_enable_cycle_counter)
/home/felipe/projects_study/automation/beremiz/related-projects/nucleron/gcc-arm-none-eabi-4_9-2015q3/lib/gcc/arm-none-eabi/4.9.3/armv7e-m/fpu/libgcc.a(_aeabi_ldivmod.o)
                              plc_rtc.o (__aeabi_ldivmod)
/home/felipe/projects_study/automation/beremiz/related-projects/nucleron/gcc-arm-none-eabi-4_9-2015q3/lib/gcc/arm-none-eabi/4.9.3/armv7e-m/fpu/libgcc.a(_aeabi_uldivmod.o)
                              frac_div.o (__aeabi_uldivmod)
/home/felipe/projects_study/automation/beremiz/related-projects/nucleron/gcc-arm-none-eabi-4_9-2015q3/lib/gcc/arm-none-eabi/4.9.3/armv7e-m/fpu/libgcc.a(bpabi.o)
                              /home/felipe/projects_study/automation/beremiz/related-projects/nucleron/gcc-arm-none-eabi-4_9-2015q3/lib/gcc/arm-none-eabi/4.9.3/armv7e-m/fpu/libgcc.a(_aeabi_ldivmod.o) (__gnu_ldivmod_helper)
/home/felipe/projects_study/automation/beremiz/related-projects/nucleron/gcc-arm-none-eabi-4_9-2015q3/lib/gcc/arm-none-eabi/4.9.3/armv7e-m/fpu/libgcc.a(_dvmd_tls.o)
                              /home/felipe/projects_study/automation/beremiz/related-projects/nucleron/gcc-arm-none-eabi-4_9-2015q3/lib/gcc/arm-none-eabi/4.9.3/armv7e-m/fpu/libgcc.a(_aeabi_ldivmod.o) (__aeabi_ldiv0)
/home/felipe/projects_study/automation/beremiz/related-projects/nucleron/gcc-arm-none-eabi-4_9-2015q3/lib/gcc/arm-none-eabi/4.9.3/armv7e-m/fpu/libgcc.a(_divdi3.o)
                              /home/felipe/projects_study/automation/beremiz/related-projects/nucleron/gcc-arm-none-eabi-4_9-2015q3/lib/gcc/arm-none-eabi/4.9.3/armv7e-m/fpu/libgcc.a(bpabi.o) (__divdi3)
/home/felipe/projects_study/automation/beremiz/related-projects/nucleron/gcc-arm-none-eabi-4_9-2015q3/lib/gcc/arm-none-eabi/4.9.3/armv7e-m/fpu/libgcc.a(_udivdi3.o)
[...]
Memory Configuration

Name             Origin             Length             Attributes
rom              0x08000000         0x00008000         xr
app_flash        0x08008000         0x000f8000         xr
ram              0x20000000         0x00002000         xrw
appram           0x20002000         0x0001e000         xrw
*default*        0x00000000         0xffffffff

Linker script and memory map

LOAD main.o
LOAD xprintf.o
LOAD plc_libc.o
LOAD plc_clock.o
LOAD plc_wait_tmr.o
LOAD plc_iom.o
LOAD plc_backup.o
LOAD plc_rtc.o
LOAD plc_glue_rte.o
LOAD plc_diag.o
LOAD plc_isr_stubs.o
LOAD frac_div.o
LOAD plc_tick.o
LOAD plc_serial.o
LOAD plc_app_default.o
LOAD plc_dbg.o
LOAD plc_gpio.o
LOAD dbnc_flt.o
LOAD plc_hw.o
LOAD /home/felipe/projects_study/automation/beremiz/related-projects/ioton_plc/libopencm3_stm32f4/lib/libopencm3_stm32f4.a
LOAD /home/felipe/projects_study/automation/beremiz/related-projects/nucleron/gcc-arm-none-eabi-4_9-2015q3/lib/gcc/arm-none-eabi/4.9.3/armv7e-m/fpu/libgcc.a
                0x20020000                PROVIDE (_stack, (ORIGIN (appram) + 0x1e000))
                0x08008000                PROVIDE (_app_start, ORIGIN (app_flash))
                0x08100000                PROVIDE (_app_end, (_app_start + 0xf8000))

.text           0x08000000     0x58f4
 *(.vectors)
 .vectors       0x08000000      0x1ac /home/felipe/projects_study/automation/beremiz/related-projects/ioton_plc/libopencm3_stm32f4/lib/libopencm3_stm32f4.a(vector.o)
                0x08000000                vector_table
 *(.plc_rte_sec)
 .plc_rte_sec   0x080001ac       0x34 plc_glue_rte.o
                0x080001ac                plc_glue_rte
 *(.text*)
 .text.cm_enable_interrupts
                0x080001e0       0x10 main.o
 .text.cm_disable_interrupts
                0x080001f0       0x10 main.o
 .text.plc_app_start
                0x08000200       0x24 main.o
 .text.main     0x08000224      0x150 main.o
                0x08000224                main
 .text.xputc    0x08000374       0x44 xprintf.o
                0x08000374                xputc
 .text.xputs    0x080003b8       0x28 xprintf.o
                0x080003b8                xputs
 .text.xvprintf
                0x080003e0      0x2f0 xprintf.o
                0x080003e0                xvprintf
 .text.memset   0x080006d0       0x3c plc_libc.o
                0x080006d0                memset
 .text.memcpy   0x0800070c       0x40 plc_libc.o
                0x0800070c                memcpy
 .text.out_stub
                0x0800074c       0x34 plc_libc.o
 .text.sprintf  0x08000780       0x60 plc_libc.o
                0x08000780                sprintf
 .text.rcc_pll_setup
                0x080007e0       0xd0 plc_clock.o
 .text.plc_clock_setup
                0x080008b0       0x8c plc_clock.o
                0x080008b0                plc_clock_setup
 .text.nmi_handler
                0x0800093c       0x48 plc_clock.o
                0x0800093c                nmi_handler
 .text.plc_wait_tmr_init
                0x08000984       0x60 plc_wait_tmr.o
                0x08000984                plc_wait_tmr_init
 .text.tim7_isr
                0x080009e4       0x54 plc_wait_tmr.o
                0x080009e4                tim7_isr
 .text.cm_enable_interrupts
                0x08000a38       0x10 plc_iom.o
 .text.cm_disable_interrupts
                0x08000a48       0x10 plc_iom.o
 .text._plc_loc_sort
                0x08000a58       0xcc plc_iom.o
 .text._plc_proto_sort
                0x08000b24       0xac plc_iom.o
 .text._plc_type_sort
                0x08000bd0       0x30 plc_iom.o
 .text.plc_iom_init
                0x08000c00       0x5c plc_iom.o
                0x08000c00                plc_iom_init
 .text.plc_iom_tick
                0x08000c5c       0x20 plc_iom.o
                0x08000c5c                plc_iom_tick
 .text.plc_iom_test_hw
                0x08000c7c       0x50 plc_iom.o
                0x08000c7c                plc_iom_test_hw
 .text.plc_iom_check_print
                0x08000ccc      0x10c plc_iom.o
                0x08000ccc                plc_iom_check_print
 .text.plc_iom_check_and_sort
                0x08000dd8      0x1ec plc_iom.o
                0x08000dd8                plc_iom_check_and_sort
 .text.plc_iom_get
                0x08000fc4       0x84 plc_iom.o
                0x08000fc4                plc_iom_get
 .text.plc_iom_set
                0x08001048       0x90 plc_iom.o
                0x08001048                plc_iom_set
 .text.plc_iom_start
                0x080010d8       0x40 plc_iom.o
                0x080010d8                plc_iom_start
 .text.plc_iom_poll
                0x08001118       0xe4 plc_iom.o
                0x08001118                plc_iom_poll
 .text.plc_iom_stop
                0x080011fc       0x40 plc_iom.o
                0x080011fc                plc_iom_stop
 .text.plc_backup_init
                0x0800123c       0x68 plc_backup.o
                0x0800123c                plc_backup_init
 .text.plc_backup_reset
                0x080012a4       0x1c plc_backup.o
                0x080012a4                plc_backup_reset
 .text.plc_backup_invalidate
                0x080012c0        0xc plc_backup.o
                0x080012c0                plc_backup_invalidate
 .text.plc_backup_validate
                0x080012cc       0x5c plc_backup.o
                0x080012cc                plc_backup_validate
 .text.plc_backup_check
                0x08001328       0x28 plc_backup.o
                0x08001328                plc_backup_check
 .text.plc_backup_remind
                0x08001350       0x30 plc_backup.o
                0x08001350                plc_backup_remind
 .text.plc_backup_retain
                0x08001380       0x30 plc_backup.o
                0x08001380                plc_backup_retain
 .text.cm_enable_interrupts
                0x080013b0       0x10 plc_rtc.o
 .text.cm_disable_interrupts
                0x080013c0       0x10 plc_rtc.o
 .text.plc_rtc_clken_and_check
                0x080013d0       0x18 plc_rtc.o
                0x080013d0                plc_rtc_clken_and_check
 .text.plc_rtc_init
                0x080013e8      0x264 plc_rtc.o
                0x080013e8                plc_rtc_init
 .text.plc_rtc_dt_set
                0x0800164c      0x254 plc_rtc.o
                0x0800164c                plc_rtc_dt_set
 .text.jdn      0x080018a0       0xdc plc_rtc.o
 .text.dt_to_sec
                0x0800197c       0x70 plc_rtc.o
 *fill*         0x080019ec        0x4 
 .text._plc_rtc_poll
                0x080019f0      0x140 plc_rtc.o
                0x080019f0                _plc_rtc_poll
 .text.plc_rtc_time_get
                0x08001b30      0x1d4 plc_rtc.o
                0x08001b30                plc_rtc_time_get
 .text.plc_check_code
                0x08001d04       0x38 plc_glue_rte.o
 .text.plc_app_is_valid
                0x08001d3c      0x314 plc_glue_rte.o
                0x08001d3c                plc_app_is_valid
 .text.plc_app_cstratup
                0x08002050       0x9c plc_glue_rte.o
                0x08002050                plc_app_cstratup
 .text.plc_app_stop
                0x080020ec       0x20 plc_diag.o
 .text.clr_post_flg
                0x0800210c       0x30 plc_diag.o
 .text.plc_diag_init
                0x0800213c       0x44 plc_diag.o
                0x0800213c                plc_diag_init
 .text.plc_diag_test_hw
                0x08002180       0x10 plc_diag.o
                0x08002180                plc_diag_test_hw
 .text.plc_diag_check
                0x08002190      0x16c plc_diag.o
                0x08002190                plc_diag_check
 .text.plc_diag_begin
                0x080022fc       0x14 plc_diag.o
                0x080022fc                plc_diag_begin
 .text.plc_diag_end
                0x08002310       0x14 plc_diag.o
                0x08002310                plc_diag_end
 .text.plc_diag_sched
                0x08002324       0x1c plc_diag.o
                0x08002324                plc_diag_sched
 .text.plc_diag_start
                0x08002340       0x40 plc_diag.o
                0x08002340                plc_diag_start
 .text.plc_diag_poll
                0x08002380      0x25c plc_diag.o
                0x08002380                plc_diag_poll
 .text.plc_diag_stop
                0x080025dc        0xc plc_diag.o
                0x080025dc                plc_diag_stop
 .text.plc_diag_weigth
                0x080025e8       0x2c plc_diag.o
                0x080025e8                plc_diag_weigth
 .text.plc_diag_get
                0x08002614       0xb4 plc_diag.o
                0x08002614                plc_diag_get
 .text.plc_diag_set
                0x080026c8      0x12c plc_diag.o
                0x080026c8                plc_diag_set
 .text.read_irq
                0x080027f4       0x24 plc_isr_stubs.o
 .text.plc_irq_stub
                0x08002818       0x5c plc_isr_stubs.o
                0x08002818                dma2_stream1_isr
                0x08002818                tim8_brk_tim12_isr
                0x08002818                dma1_stream7_isr
                0x08002818                dma1_stream2_isr
                0x08002818                otg_hs_isr
                0x08002818                tim5_isr
                0x08002818                rtc_wkup_isr
                0x08002818                otg_fs_isr
                0x08002818                spi1_isr
                0x08002818                i2c3_er_isr
                0x08002818                exti2_isr
                0x08002818                usb_fs_wkup_isr
                0x08002818                tamp_stamp_isr
                0x08002818                can1_rx1_isr
                0x08002818                dma2_stream0_isr
                0x08002818                i2c3_ev_isr
                0x08002818                usage_fault_handler
                0x08002818                can2_rx0_isr
                0x08002818                dma1_stream6_isr
                0x08002818                can2_rx1_isr
                0x08002818                can1_sce_isr
                0x08002818                tim1_cc_isr
                0x08002818                can1_tx_isr
                0x08002818                tim1_up_tim10_isr
                0x08002818                sdio_isr
                0x08002818                eth_isr
                0x08002818                dma2_stream5_isr
                0x08002818                pvd_isr
                0x08002818                can1_rx0_isr
                0x08002818                plc_irq_stub
                0x08002818                sv_call_handler
                0x08002818                rcc_isr
                0x08002818                dma2_stream3_isr
                0x08002818                flash_isr
                0x08002818                uart4_isr
                0x08002818                rtc_alarm_isr
                0x08002818                exti15_10_isr
                0x08002818                hash_rng_isr
                0x08002818                tim1_trg_com_tim11_isr
                0x08002818                hard_fault_handler
                0x08002818                exti1_isr
                0x08002818                i2c1_ev_isr
                0x08002818                usart6_isr
                0x08002818                pend_sv_handler
                0x08002818                spi2_isr
                0x08002818                cryp_isr
                0x08002818                nvic_wwdg_isr
                0x08002818                dma1_stream1_isr
                0x08002818                dma2_stream4_isr
                0x08002818                exti3_isr
                0x08002818                tim3_isr
                0x08002818                dma1_stream4_isr
                0x08002818                i2c2_er_isr
                0x08002818                i2c2_ev_isr
                0x08002818                uart5_isr
                0x08002818                dma2_stream6_isr
                0x08002818                adc_isr
                0x08002818                dma2_stream7_isr
                0x08002818                tim8_up_tim13_isr
                0x08002818                fsmc_isr
                0x08002818                exti4_isr
                0x08002818                dma1_stream3_isr
                0x08002818                tim8_trg_com_tim14_isr
                0x08002818                mem_manage_handler
                0x08002818                can2_tx_isr
                0x08002818                exti9_5_isr
                0x08002818                tim1_brk_tim9_isr
                0x08002818                can2_sce_isr
                0x08002818                tim4_isr
                0x08002818                otg_hs_wkup_isr
                0x08002818                i2c1_er_isr
                0x08002818                dma1_stream0_isr
                0x08002818                tim8_cc_isr
                0x08002818                dcmi_isr
                0x08002818                dma2_stream2_isr
                0x08002818                eth_wkup_isr
                0x08002818                bus_fault_handler
                0x08002818                otg_hs_ep1_out_isr
                0x08002818                spi3_isr
                0x08002818                dma1_stream5_isr
                0x08002818                otg_hs_ep1_in_isr
                0x08002818                tim2_isr
                0x08002818                exti0_isr
 .text.frac_div_set
                0x08002874       0x40 frac_div.o
                0x08002874                frac_div_set
 .text.frac_div_init
                0x080028b4       0x4c frac_div.o
                0x080028b4                frac_div_init
 .text.frac_div_icalc
                0x08002900       0x68 frac_div.o
                0x08002900                frac_div_icalc
 .text.frac_div_run
                0x08002968       0x5c frac_div.o
                0x08002968                frac_div_run
 .text.systick_set_period
                0x080029c4       0x44 plc_tick.o
 .text.plc_tick_init
                0x08002a08        0xc plc_tick.o
                0x08002a08                plc_tick_init
 .text.plc_tick_poll
                0x08002a14        0xc plc_tick.o
                0x08002a14                plc_tick_poll
 .text.sys_tick_handler
                0x08002a20       0x58 plc_tick.o
                0x08002a20                sys_tick_handler
 .text.plc_tick_setup
                0x08002a78      0x128 plc_tick.o
                0x08002a78                plc_tick_setup
 .text.cm_enable_interrupts
                0x08002ba0       0x10 plc_serial.o
 .text.cm_disable_interrupts
                0x08002bb0       0x10 plc_serial.o
 .text.dbg_serial_init
                0x08002bc0       0xb8 plc_serial.o
                0x08002bc0                dbg_serial_init
 .text.usart1_isr
                0x08002c78       0x94 plc_serial.o
                0x08002c78                usart1_isr
 .text.dbg_serial_write
                0x08002d0c       0x84 plc_serial.o
                0x08002d0c                dbg_serial_write
 .text.dbg_serial_read
                0x08002d90       0x54 plc_serial.o
                0x08002d90                dbg_serial_read
 .text.PLC_GetTime
                0x08002de4       0x20 plc_app_default.o
 .text.AtomicCompareExchange64
                0x08002e04       0x44 plc_app_default.o
 .text.copy_to_log
                0x08002e48       0x78 plc_app_default.o
                0x08002e48                copy_to_log
 .text.copy_from_log
                0x08002ec0       0x78 plc_app_default.o
                0x08002ec0                copy_from_log
 .text.ResetLogCount
                0x08002f38       0x3c plc_app_default.o
 .text.LogMessage
                0x08002f74      0x11c plc_app_default.o
 .text.GetLogCount
                0x08003090       0x2c plc_app_default.o
 .text.GetLogMessage
                0x080030bc       0xc8 plc_app_default.o
 .text.plc_app_default_init
                0x08003184       0x50 plc_app_default.o
                0x08003184                plc_app_default_init
 .text.startPLC
                0x080031d4       0x2c plc_app_default.o
 .text.stopPLC  0x08003200       0x10 plc_app_default.o
 .text.runPLC   0x08003210       0x10 plc_app_default.o
 .text.resumeDebug
                0x08003220       0x10 plc_app_default.o
 .text.suspendDebug
                0x08003230       0x14 plc_app_default.o
 .text.FreeDebugData
                0x08003244       0x10 plc_app_default.o
 .text.GetDebugData
                0x08003254       0x30 plc_app_default.o
 .text.ResetDebugVariables
                0x08003284       0x10 plc_app_default.o
 .text.RegisterDebugVariable
                0x08003294       0x18 plc_app_default.o
 .text.plc_app_start
                0x080032ac       0x24 plc_dbg.o
 .text.plc_app_stop
                0x080032d0       0x20 plc_dbg.o
 .text.dbg_fifo_flush
                0x080032f0       0x24 plc_dbg.o
                0x080032f0                dbg_fifo_flush
 .text.dbg_fifo_write_byte
                0x08003314       0x60 plc_dbg.o
                0x08003314                dbg_fifo_write_byte
 .text.dbg_fifo_write
                0x08003374       0x4c plc_dbg.o
                0x08003374                dbg_fifo_write
 .text.dbg_fifo_read_byte
                0x080033c0       0x60 plc_dbg.o
                0x080033c0                dbg_fifo_read_byte
 .text.dbg_init
                0x08003420       0x20 plc_dbg.o
                0x08003420                dbg_init
 .text.dbg_handler
                0x08003440      0x924 plc_dbg.o
                0x08003440                dbg_handler
 .text.plc_gpio_cfg_out
                0x08003d64       0x4c plc_gpio.o
                0x08003d64                plc_gpio_cfg_out
 .text.plc_gpio_gr_cfg_out
                0x08003db0       0x34 plc_gpio.o
                0x08003db0                plc_gpio_gr_cfg_out
 .text.dbnc_flt_init
                0x08003de4       0x30 dbnc_flt.o
                0x08003de4                dbnc_flt_init
 .text.dbnc_flt_poll
                0x08003e14       0x78 dbnc_flt.o
                0x08003e14                dbnc_flt_poll
 .text.dbnc_flt_get
                0x08003e8c       0x18 dbnc_flt.o
                0x08003e8c                dbnc_flt_get
 .text.plc_jmpr_init
                0x08003ea4        0xc plc_hw.o
                0x08003ea4                plc_jmpr_init
 .text.plc_dbg_jmpr_get
                0x08003eb0       0x10 plc_hw.o
                0x08003eb0                plc_dbg_jmpr_get
 .text.plc_rst_jmpr_get
                0x08003ec0       0x10 plc_hw.o
                0x08003ec0                plc_rst_jmpr_get
 .text.plc_boot_init
                0x08003ed0       0x34 plc_hw.o
                0x08003ed0                plc_boot_init
 .text.plc_boot_mode_enter
                0x08003f04       0x3c plc_hw.o
                0x08003f04                plc_boot_mode_enter
 .text.plc_get_din
                0x08003f40       0xfc plc_hw.o
                0x08003f40                plc_get_din
 .text.plc_set_dout
                0x0800403c       0x80 plc_hw.o
                0x0800403c                plc_set_dout
 .text.plc_get_ain
                0x080040bc       0x18 plc_hw.o
                0x080040bc                plc_get_ain
 .text.plc_set_aout
                0x080040d4       0x14 plc_hw.o
                0x080040d4                plc_set_aout
 .text.dio_init
                0x080040e8      0x1b0 plc_hw.o
                0x080040e8                dio_init
 .text.dio_test_hw
                0x08004298       0x10 plc_hw.o
                0x08004298                dio_test_hw
 .text.dio_check
                0x080042a8      0x1bc plc_hw.o
                0x080042a8                dio_check
 .text.dio_begin
                0x08004464       0x14 plc_hw.o
                0x08004464                dio_begin
 .text.dio_end  0x08004478       0x14 plc_hw.o
                0x08004478                dio_end
 .text.dio_start
                0x0800448c        0xc plc_hw.o
                0x0800448c                dio_start
 .text.dio_stop
                0x08004498        0xc plc_hw.o
                0x08004498                dio_stop
 .text.dio_sched
                0x080044a4       0x1c plc_hw.o
                0x080044a4                dio_sched
 .text.dio_poll
                0x080044c0       0x4c plc_hw.o
                0x080044c0                dio_poll
 .text.dio_weigth
                0x0800450c       0x2c plc_hw.o
                0x0800450c                dio_weigth
 .text.dio_get  0x08004538       0xfc plc_hw.o
                0x08004538                dio_get
 .text.dio_set  0x08004634       0xec plc_hw.o
                0x08004634                dio_set
 .text.mid_from_pid
                0x08004720       0x2c plc_hw.o
                0x08004720                mid_from_pid
 .text.pwr_set_vos_scale
                0x0800474c       0x20 /home/felipe/projects_study/automation/beremiz/related-projects/ioton_plc/libopencm3_stm32f4/lib/libopencm3_stm32f4.a(pwr.o)
                0x0800474c                pwr_set_vos_scale
 .text.rcc_is_osc_ready
                0x0800476c       0x5c /home/felipe/projects_study/automation/beremiz/related-projects/ioton_plc/libopencm3_stm32f4/lib/libopencm3_stm32f4.a(rcc.o)
                0x0800476c                rcc_is_osc_ready
 .text.rcc_wait_for_osc_ready
                0x080047c8       0x10 /home/felipe/projects_study/automation/beremiz/related-projects/ioton_plc/libopencm3_stm32f4/lib/libopencm3_stm32f4.a(rcc.o)
                0x080047c8                rcc_wait_for_osc_ready
 .text.rcc_wait_for_sysclk_status
                0x080047d8       0x38 /home/felipe/projects_study/automation/beremiz/related-projects/ioton_plc/libopencm3_stm32f4/lib/libopencm3_stm32f4.a(rcc.o)
                0x080047d8                rcc_wait_for_sysclk_status
 .text.rcc_osc_on
                0x08004810       0x58 /home/felipe/projects_study/automation/beremiz/related-projects/ioton_plc/libopencm3_stm32f4/lib/libopencm3_stm32f4.a(rcc.o)
                0x08004810                rcc_osc_on
 .text.rcc_css_enable
                0x08004868       0x10 /home/felipe/projects_study/automation/beremiz/related-projects/ioton_plc/libopencm3_stm32f4/lib/libopencm3_stm32f4.a(rcc.o)
                0x08004868                rcc_css_enable
 .text.rcc_set_sysclk_source
                0x08004878       0x14 /home/felipe/projects_study/automation/beremiz/related-projects/ioton_plc/libopencm3_stm32f4/lib/libopencm3_stm32f4.a(rcc.o)
                0x08004878                rcc_set_sysclk_source
 .text.rcc_set_ppre2
                0x0800488c       0x14 /home/felipe/projects_study/automation/beremiz/related-projects/ioton_plc/libopencm3_stm32f4/lib/libopencm3_stm32f4.a(rcc.o)
                0x0800488c                rcc_set_ppre2
 .text.rcc_set_ppre1
                0x080048a0       0x14 /home/felipe/projects_study/automation/beremiz/related-projects/ioton_plc/libopencm3_stm32f4/lib/libopencm3_stm32f4.a(rcc.o)
                0x080048a0                rcc_set_ppre1
 .text.rcc_set_hpre
                0x080048b4       0x14 /home/felipe/projects_study/automation/beremiz/related-projects/ioton_plc/libopencm3_stm32f4/lib/libopencm3_stm32f4.a(rcc.o)
                0x080048b4                rcc_set_hpre
 .text.rcc_set_main_pll_hsi
                0x080048c8       0x44 /home/felipe/projects_study/automation/beremiz/related-projects/ioton_plc/libopencm3_stm32f4/lib/libopencm3_stm32f4.a(rcc.o)
                0x080048c8                rcc_set_main_pll_hsi
 .text.rcc_set_main_pll_hse
                0x0800490c       0x44 /home/felipe/projects_study/automation/beremiz/related-projects/ioton_plc/libopencm3_stm32f4/lib/libopencm3_stm32f4.a(rcc.o)
                0x0800490c                rcc_set_main_pll_hse
 .text.gpio_set
                0x08004950        0x4 /home/felipe/projects_study/automation/beremiz/related-projects/ioton_plc/libopencm3_stm32f4/lib/libopencm3_stm32f4.a(gpio_common_all.o)
                0x08004950                gpio_set
 .text.gpio_clear
                0x08004954        0x6 /home/felipe/projects_study/automation/beremiz/related-projects/ioton_plc/libopencm3_stm32f4/lib/libopencm3_stm32f4.a(gpio_common_all.o)
                0x08004954                gpio_clear
 .text.gpio_get
                0x0800495a        0x6 /home/felipe/projects_study/automation/beremiz/related-projects/ioton_plc/libopencm3_stm32f4/lib/libopencm3_stm32f4.a(gpio_common_all.o)
                0x0800495a                gpio_get
 .text.gpio_mode_setup
                0x08004960       0x44 /home/felipe/projects_study/automation/beremiz/related-projects/ioton_plc/libopencm3_stm32f4/lib/libopencm3_stm32f4.a(gpio_common_f0234.o)
                0x08004960                gpio_mode_setup
 .text.gpio_set_output_options
                0x080049a4       0x36 /home/felipe/projects_study/automation/beremiz/related-projects/ioton_plc/libopencm3_stm32f4/lib/libopencm3_stm32f4.a(gpio_common_f0234.o)
                0x080049a4                gpio_set_output_options
 .text.gpio_set_af
                0x080049da       0x58 /home/felipe/projects_study/automation/beremiz/related-projects/ioton_plc/libopencm3_stm32f4/lib/libopencm3_stm32f4.a(gpio_common_f0234.o)
                0x080049da                gpio_set_af
 *fill*         0x08004a32        0x2 
 .text.pwr_disable_backup_domain_write_protect
                0x08004a34       0x10 /home/felipe/projects_study/automation/beremiz/related-projects/ioton_plc/libopencm3_stm32f4/lib/libopencm3_stm32f4.a(pwr_common_all.o)
                0x08004a34                pwr_disable_backup_domain_write_protect
 .text.pwr_enable_backup_domain_write_protect
                0x08004a44       0x10 /home/felipe/projects_study/automation/beremiz/related-projects/ioton_plc/libopencm3_stm32f4/lib/libopencm3_stm32f4.a(pwr_common_all.o)
                0x08004a44                pwr_enable_backup_domain_write_protect
 .text.rtc_set_prescaler
                0x08004a54       0x18 /home/felipe/projects_study/automation/beremiz/related-projects/ioton_plc/libopencm3_stm32f4/lib/libopencm3_stm32f4.a(rtc_common_l1f024.o)
                0x08004a54                rtc_set_prescaler
 .text.rtc_unlock
                0x08004a6c       0x10 /home/felipe/projects_study/automation/beremiz/related-projects/ioton_plc/libopencm3_stm32f4/lib/libopencm3_stm32f4.a(rtc_common_l1f024.o)
                0x08004a6c                rtc_unlock
 .text.rtc_lock
                0x08004a7c        0xc /home/felipe/projects_study/automation/beremiz/related-projects/ioton_plc/libopencm3_stm32f4/lib/libopencm3_stm32f4.a(rtc_common_l1f024.o)
                0x08004a7c                rtc_lock
 .text.timer_reset
                0x08004a88       0x80 /home/felipe/projects_study/automation/beremiz/related-projects/ioton_plc/libopencm3_stm32f4/lib/libopencm3_stm32f4.a(timer_common_all.o)
                0x08004a88                timer_reset
 .text.timer_enable_irq
                0x08004b08        0x8 /home/felipe/projects_study/automation/beremiz/related-projects/ioton_plc/libopencm3_stm32f4/lib/libopencm3_stm32f4.a(timer_common_all.o)
                0x08004b08                timer_enable_irq
 .text.timer_get_flag
                0x08004b10        0xc /home/felipe/projects_study/automation/beremiz/related-projects/ioton_plc/libopencm3_stm32f4/lib/libopencm3_stm32f4.a(timer_common_all.o)
                0x08004b10                timer_get_flag
 .text.timer_clear_flag
                0x08004b1c        0x6 /home/felipe/projects_study/automation/beremiz/related-projects/ioton_plc/libopencm3_stm32f4/lib/libopencm3_stm32f4.a(timer_common_all.o)
                0x08004b1c                timer_clear_flag
 .text.timer_disable_preload
                0x08004b22        0xa /home/felipe/projects_study/automation/beremiz/related-projects/ioton_plc/libopencm3_stm32f4/lib/libopencm3_stm32f4.a(timer_common_all.o)
                0x08004b22                timer_disable_preload
 .text.timer_continuous_mode
                0x08004b2c        0xa /home/felipe/projects_study/automation/beremiz/related-projects/ioton_plc/libopencm3_stm32f4/lib/libopencm3_stm32f4.a(timer_common_all.o)
                0x08004b2c                timer_continuous_mode
 .text.timer_enable_counter
                0x08004b36        0xa /home/felipe/projects_study/automation/beremiz/related-projects/ioton_plc/libopencm3_stm32f4/lib/libopencm3_stm32f4.a(timer_common_all.o)
                0x08004b36                timer_enable_counter
 .text.timer_set_prescaler
                0x08004b40        0x4 /home/felipe/projects_study/automation/beremiz/related-projects/ioton_plc/libopencm3_stm32f4/lib/libopencm3_stm32f4.a(timer_common_all.o)
                0x08004b40                timer_set_prescaler
 .text.timer_set_period
                0x08004b44        0x4 /home/felipe/projects_study/automation/beremiz/related-projects/ioton_plc/libopencm3_stm32f4/lib/libopencm3_stm32f4.a(timer_common_all.o)
                0x08004b44                timer_set_period
 .text.usart_set_baudrate
                0x08004b48       0x30 /home/felipe/projects_study/automation/beremiz/related-projects/ioton_plc/libopencm3_stm32f4/lib/libopencm3_stm32f4.a(usart_common_all.o)
                0x08004b48                usart_set_baudrate
 .text.usart_set_databits
                0x08004b78       0x12 /home/felipe/projects_study/automation/beremiz/related-projects/ioton_plc/libopencm3_stm32f4/lib/libopencm3_stm32f4.a(usart_common_all.o)
                0x08004b78                usart_set_databits
 .text.usart_set_stopbits
                0x08004b8a        0xc /home/felipe/projects_study/automation/beremiz/related-projects/ioton_plc/libopencm3_stm32f4/lib/libopencm3_stm32f4.a(usart_common_all.o)
                0x08004b8a                usart_set_stopbits
 .text.usart_set_parity
                0x08004b96        0xc /home/felipe/projects_study/automation/beremiz/related-projects/ioton_plc/libopencm3_stm32f4/lib/libopencm3_stm32f4.a(usart_common_all.o)
                0x08004b96                usart_set_parity
 .text.usart_set_mode
                0x08004ba2        0xc /home/felipe/projects_study/automation/beremiz/related-projects/ioton_plc/libopencm3_stm32f4/lib/libopencm3_stm32f4.a(usart_common_all.o)
                0x08004ba2                usart_set_mode
 .text.usart_set_flow_control
                0x08004bae        0xc /home/felipe/projects_study/automation/beremiz/related-projects/ioton_plc/libopencm3_stm32f4/lib/libopencm3_stm32f4.a(usart_common_all.o)
                0x08004bae                usart_set_flow_control
 .text.usart_enable
                0x08004bba        0xa /home/felipe/projects_study/automation/beremiz/related-projects/ioton_plc/libopencm3_stm32f4/lib/libopencm3_stm32f4.a(usart_common_all.o)
                0x08004bba                usart_enable
 .text.usart_enable_rx_interrupt
                0x08004bc4        0xa /home/felipe/projects_study/automation/beremiz/related-projects/ioton_plc/libopencm3_stm32f4/lib/libopencm3_stm32f4.a(usart_common_all.o)
                0x08004bc4                usart_enable_rx_interrupt
 .text.usart_disable_rx_interrupt
                0x08004bce        0xa /home/felipe/projects_study/automation/beremiz/related-projects/ioton_plc/libopencm3_stm32f4/lib/libopencm3_stm32f4.a(usart_common_all.o)
                0x08004bce                usart_disable_rx_interrupt
 .text.usart_enable_tx_interrupt
                0x08004bd8        0xa /home/felipe/projects_study/automation/beremiz/related-projects/ioton_plc/libopencm3_stm32f4/lib/libopencm3_stm32f4.a(usart_common_all.o)
                0x08004bd8                usart_enable_tx_interrupt
 .text.usart_disable_tx_interrupt
                0x08004be2        0xa /home/felipe/projects_study/automation/beremiz/related-projects/ioton_plc/libopencm3_stm32f4/lib/libopencm3_stm32f4.a(usart_common_all.o)
                0x08004be2                usart_disable_tx_interrupt
 .text.usart_send
                0x08004bec        0x8 /home/felipe/projects_study/automation/beremiz/related-projects/ioton_plc/libopencm3_stm32f4/lib/libopencm3_stm32f4.a(usart_common_f124.o)
                0x08004bec                usart_send
 .text.usart_recv
                0x08004bf4        0x8 /home/felipe/projects_study/automation/beremiz/related-projects/ioton_plc/libopencm3_stm32f4/lib/libopencm3_stm32f4.a(usart_common_f124.o)
                0x08004bf4                usart_recv
 .text.flash_set_ws
                0x08004bfc       0x14 /home/felipe/projects_study/automation/beremiz/related-projects/ioton_plc/libopencm3_stm32f4/lib/libopencm3_stm32f4.a(flash_common_f234.o)
                0x08004bfc                flash_set_ws
 .text.rcc_periph_clock_enable
                0x08004c10       0x1a /home/felipe/projects_study/automation/beremiz/related-projects/ioton_plc/libopencm3_stm32f4/lib/libopencm3_stm32f4.a(rcc_common_all.o)
                0x08004c10                rcc_periph_clock_enable
 .text.rcc_periph_reset_pulse
                0x08004c2a       0x22 /home/felipe/projects_study/automation/beremiz/related-projects/ioton_plc/libopencm3_stm32f4/lib/libopencm3_stm32f4.a(rcc_common_all.o)
                0x08004c2a                rcc_periph_reset_pulse
 .text.blocking_handler
                0x08004c4c        0x2 /home/felipe/projects_study/automation/beremiz/related-projects/ioton_plc/libopencm3_stm32f4/lib/libopencm3_stm32f4.a(vector.o)
                0x08004c4c                usart3_isr
                0x08004c4c                dma2d_isr
                0x08004c4c                uart8_isr
                0x08004c4c                blocking_handler
                0x08004c4c                spi5_isr
                0x08004c4c                spi6_isr
                0x08004c4c                lcd_tft_isr
                0x08004c4c                usart2_isr
                0x08004c4c                sai1_isr
                0x08004c4c                fpu_isr
                0x08004c4c                spi4_isr
                0x08004c4c                tim6_dac_isr
                0x08004c4c                lcd_tft_err_isr
                0x08004c4c                uart7_isr
 .text.null_handler
                0x08004c4e        0x2 /home/felipe/projects_study/automation/beremiz/related-projects/ioton_plc/libopencm3_stm32f4/lib/libopencm3_stm32f4.a(vector.o)
                0x08004c4e                null_handler
                0x08004c4e                debug_monitor_handler
 .text.reset_handler
                0x08004c50       0x98 /home/felipe/projects_study/automation/beremiz/related-projects/ioton_plc/libopencm3_stm32f4/lib/libopencm3_stm32f4.a(vector.o)
                0x08004c50                reset_handler
 .text.systick_set_reload
                0x08004ce8       0x10 /home/felipe/projects_study/automation/beremiz/related-projects/ioton_plc/libopencm3_stm32f4/lib/libopencm3_stm32f4.a(systick.o)
                0x08004ce8                systick_set_reload
 .text.systick_set_clocksource
                0x08004cf8       0x18 /home/felipe/projects_study/automation/beremiz/related-projects/ioton_plc/libopencm3_stm32f4/lib/libopencm3_stm32f4.a(systick.o)
                0x08004cf8                systick_set_clocksource
 .text.systick_interrupt_enable
                0x08004d10       0x10 /home/felipe/projects_study/automation/beremiz/related-projects/ioton_plc/libopencm3_stm32f4/lib/libopencm3_stm32f4.a(systick.o)
                0x08004d10                systick_interrupt_enable
 .text.systick_counter_enable
                0x08004d20       0x10 /home/felipe/projects_study/automation/beremiz/related-projects/ioton_plc/libopencm3_stm32f4/lib/libopencm3_stm32f4.a(systick.o)
                0x08004d20                systick_counter_enable
 .text.scb_reset_system
                0x08004d30       0x10 /home/felipe/projects_study/automation/beremiz/related-projects/ioton_plc/libopencm3_stm32f4/lib/libopencm3_stm32f4.a(scb.o)
                0x08004d30                scb_reset_system
 .text.nvic_enable_irq
                0x08004d40       0x1c /home/felipe/projects_study/automation/beremiz/related-projects/ioton_plc/libopencm3_stm32f4/lib/libopencm3_stm32f4.a(nvic.o)
                0x08004d40                nvic_enable_irq
 .text.dwt_enable_cycle_counter
                0x08004d5c       0x34 /home/felipe/projects_study/automation/beremiz/related-projects/ioton_plc/libopencm3_stm32f4/lib/libopencm3_stm32f4.a(dwt.o)
                0x08004d5c                dwt_enable_cycle_counter
 .text.dwt_read_cycle_counter
                0x08004d90       0x14 /home/felipe/projects_study/automation/beremiz/related-projects/ioton_plc/libopencm3_stm32f4/lib/libopencm3_stm32f4.a(dwt.o)
                0x08004d90                dwt_read_cycle_counter
 .text          0x08004da4       0x38 /home/felipe/projects_study/automation/beremiz/related-projects/nucleron/gcc-arm-none-eabi-4_9-2015q3/lib/gcc/arm-none-eabi/4.9.3/armv7e-m/fpu/libgcc.a(_aeabi_ldivmod.o)
                0x08004da4                __aeabi_ldivmod
 .text          0x08004ddc       0x30 /home/felipe/projects_study/automation/beremiz/related-projects/nucleron/gcc-arm-none-eabi-4_9-2015q3/lib/gcc/arm-none-eabi/4.9.3/armv7e-m/fpu/libgcc.a(_aeabi_uldivmod.o)
                0x08004ddc                __aeabi_uldivmod
 .text          0x08004e0c       0x60 /home/felipe/projects_study/automation/beremiz/related-projects/nucleron/gcc-arm-none-eabi-4_9-2015q3/lib/gcc/arm-none-eabi/4.9.3/armv7e-m/fpu/libgcc.a(bpabi.o)
                0x08004e0c                __gnu_ldivmod_helper
                0x08004e3c                __gnu_uldivmod_helper
 .text          0x08004e6c        0x4 /home/felipe/projects_study/automation/beremiz/related-projects/nucleron/gcc-arm-none-eabi-4_9-2015q3/lib/gcc/arm-none-eabi/4.9.3/armv7e-m/fpu/libgcc.a(_dvmd_tls.o)
                0x08004e6c                __aeabi_ldiv0
                0x08004e6c                __aeabi_idiv0
 .text          0x08004e70      0x29c /home/felipe/projects_study/automation/beremiz/related-projects/nucleron/gcc-arm-none-eabi-4_9-2015q3/lib/gcc/arm-none-eabi/4.9.3/armv7e-m/fpu/libgcc.a(_divdi3.o)
                0x08004e70                __divdi3
 .text          0x0800510c      0x26c /home/felipe/projects_study/automation/beremiz/related-projects/nucleron/gcc-arm-none-eabi-4_9-2015q3/lib/gcc/arm-none-eabi/4.9.3/armv7e-m/fpu/libgcc.a(_udivdi3.o)
                0x0800510c                __udivdi3
                0x08005378                . = ALIGN (0x4)
 *(.rodata*)
 .rodata.default_date
                0x08005378       0x18 main.o
                0x08005378                default_date
 .rodata.plc_start_msg
                0x08005390       0x21 main.o
                0x08005390                plc_start_msg
 *fill*         0x080053b1        0x3 
 .rodata.plc_app_err_msg
                0x080053b4       0x18 main.o
                0x080053b4                plc_app_err_msg
 .rodata.plc_hw_err_msg
                0x080053cc       0x1b main.o
                0x080053cc                plc_hw_err_msg
 *fill*         0x080053e7        0x1 
 .rodata.print_lt
                0x080053e8        0x3 plc_iom.o
 *fill*         0x080053eb        0x1 
 .rodata.print_sz
                0x080053ec        0x5 plc_iom.o
 *fill*         0x080053f1        0x3 
 .rodata        0x080053f4       0x23 plc_iom.o
 *fill*         0x08005417        0x1 
 .rodata.plc_iom_err_proto
                0x08005418       0x1e plc_iom.o
 *fill*         0x08005436        0x2 
 .rodata.plc_iom_err_sz
                0x08005438       0x15 plc_iom.o
                0x08005438                plc_iom_err_sz
 *fill*         0x0800544d        0x3 
 .rodata.plc_iom_err_sz_sz
                0x08005450        0x4 plc_iom.o
                0x08005450                plc_iom_err_sz_sz
 .rodata.led_hb
                0x08005454       0x18 plc_diag.o
 .rodata.plc_crt_err_msg
                0x0800546c       0x12 plc_diag.o
 *fill*         0x0800547e        0x2 
 .rodata.plc_hse_err_msg
                0x08005480       0x16 plc_diag.o
 *fill*         0x08005496        0x2 
 .rodata.plc_lse_err_msg
                0x08005498       0x16 plc_diag.o
 *fill*         0x080054ae        0x2 
 .rodata.plc_app_wrn_msg
                0x080054b0       0x1a plc_diag.o
 *fill*         0x080054ca        0x2 
 .rodata.plc_app_inf_msg
                0x080054cc       0x17 plc_diag.o
 *fill*         0x080054e3        0x1 
 .rodata.diag_poll_cfg
                0x080054e4       0x64 plc_diag.o
 .rodata.plc_diag_err_asz
                0x08005548       0x29 plc_diag.o
 *fill*         0x08005571        0x3 
 .rodata.plc_diag_err_addr_i
                0x08005574       0x2a plc_diag.o
 *fill*         0x0800559e        0x2 
 .rodata.plc_diag_err_addr_q
                0x080055a0       0x28 plc_diag.o
 .rodata.plc_diag_err_addr_m
                0x080055c8       0x20 plc_diag.o
 .rodata.plc_diag_abort_msg
                0x080055e8       0x25 plc_diag.o
 *fill*         0x0800560d        0x3 
 .rodata        0x08005610       0x61 plc_app_default.o
 *fill*         0x08005671        0x3 
 .rodata.default_len
                0x08005674        0x4 plc_app_default.o
                0x08005674                default_len
 .rodata.plc_app_default
                0x08005678       0x88 plc_app_default.o
                0x08005678                plc_app_default
 .rodata.plc_dio_err_sz
                0x08005700       0x15 plc_hw.o
                0x08005700                plc_dio_err_sz
 *fill*         0x08005715        0x3 
 .rodata.plc_dio_err_asz
                0x08005718       0x28 plc_hw.o
                0x08005718                plc_dio_err_asz
 .rodata.plc_dio_err_asz_flt
                0x08005740       0x3a plc_hw.o
                0x08005740                plc_dio_err_asz_flt
 *fill*         0x0800577a        0x2 
 .rodata.plc_dio_err_tp_flt
                0x0800577c       0x2c plc_hw.o
                0x0800577c                plc_dio_err_tp_flt
 .rodata.plc_dio_err_ilim
                0x080057a8       0x27 plc_hw.o
                0x080057a8                plc_dio_err_ilim
 *fill*         0x080057cf        0x1 
 .rodata.plc_dio_err_flt_lim
                0x080057d0       0x28 plc_hw.o
                0x080057d0                plc_dio_err_flt_lim
 .rodata.plc_dio_err_olim
                0x080057f8       0x28 plc_hw.o
                0x080057f8                plc_dio_err_olim
 .rodata.plc_iom_registry
                0x08005820       0x60 plc_hw.o
                0x08005820                plc_iom_registry
 .rodata.plc_iom_reg_sz
                0x08005880        0x1 plc_hw.o
                0x08005880                plc_iom_reg_sz
 *fill*         0x08005881        0x3 
 .rodata.rcc_hse_8mhz_3v3
                0x08005884       0x70 /home/felipe/projects_study/automation/beremiz/related-projects/ioton_plc/libopencm3_stm32f4/lib/libopencm3_stm32f4.a(rcc.o)
                0x08005884                rcc_hse_8mhz_3v3
                0x080058f4                . = ALIGN (0x4)

.glue_7         0x080058f4        0x0
 .glue_7        0x00000000        0x0 linker stubs

.glue_7t        0x080058f4        0x0
 .glue_7t       0x00000000        0x0 linker stubs

.vfp11_veneer   0x080058f4        0x0
 .vfp11_veneer  0x00000000        0x0 linker stubs

.v4_bx          0x080058f4        0x0
 .v4_bx         0x00000000        0x0 linker stubs

.iplt           0x080058f4        0x0
 .iplt          0x00000000        0x0 main.o

.preinit_array  0x080058f4        0x0
                0x080058f4                . = ALIGN (0x4)
                0x080058f4                __preinit_array_start = .
 *(.preinit_array)
                0x080058f4                __preinit_array_end = .

.init_array     0x080058f4        0x0
                0x080058f4                . = ALIGN (0x4)
                0x080058f4                __init_array_start = .
 *(SORT(.init_array.*))
 *(.init_array)
                0x080058f4                __init_array_end = .

.fini_array     0x080058f4        0x0
                0x080058f4                . = ALIGN (0x4)
                0x080058f4                __fini_array_start = .
 *(.fini_array)
 *(SORT(.fini_array.*))
                0x080058f4                __fini_array_end = .

.ARM.extab
 *(.ARM.extab*)

.ARM.exidx      0x080058f4        0x8
                0x080058f4                __exidx_start = .
 *(.ARM.exidx*)
 .ARM.exidx     0x080058f4        0x8 /home/felipe/projects_study/automation/beremiz/related-projects/nucleron/gcc-arm-none-eabi-4_9-2015q3/lib/gcc/arm-none-eabi/4.9.3/armv7e-m/fpu/libgcc.a(_divdi3.o)
 .ARM.exidx     0x080058fc        0x0 /home/felipe/projects_study/automation/beremiz/related-projects/nucleron/gcc-arm-none-eabi-4_9-2015q3/lib/gcc/arm-none-eabi/4.9.3/armv7e-m/fpu/libgcc.a(_udivdi3.o)
                                  0x8 (size before relaxing)
                0x080058fc                __exidx_end = .

.rel.dyn        0x080058fc        0x0
 .rel.iplt      0x00000000        0x0 main.o
                0x080058fc                . = ALIGN (0x4)
                0x080058fc                _etext = .

.data           0x20000000       0x20 load address 0x080058fc
                0x20000000                _data = .
 *(.data*)
 .data.plc_state
                0x20000000        0x1 main.o
                0x20000000                plc_state
 *fill*         0x20000001        0x3 
 .data.plc_curr_app
                0x20000004        0x4 main.o
                0x20000004                plc_curr_app
 .data.plc_backup_reg
                0x20000008        0x4 plc_backup.o
 .data.start_flg
                0x2000000c        0x1 plc_rtc.o
 .data.err_test_flg
                0x2000000d        0x1 plc_diag.o
 .data.err_level
                0x2000000e        0x1 plc_diag.o
 *fill*         0x2000000f        0x1 
 .data.plc_tick_time
                0x20000010        0x8 plc_tick.o
                0x20000010                plc_tick_time
 .data.rcc_apb1_frequency
                0x20000018        0x4 /home/felipe/projects_study/automation/beremiz/related-projects/ioton_plc/libopencm3_stm32f4/lib/libopencm3_stm32f4.a(rcc.o)
                0x20000018                rcc_apb1_frequency
 .data.rcc_apb2_frequency
                0x2000001c        0x4 /home/felipe/projects_study/automation/beremiz/related-projects/ioton_plc/libopencm3_stm32f4/lib/libopencm3_stm32f4.a(rcc.o)
                0x2000001c                rcc_apb2_frequency
                0x20000020                . = ALIGN (0x4)
                0x20000020                _edata = .
                0x080058fc                _data_loadaddr = LOADADDR (.data)

.igot.plt       0x20000020        0x0 load address 0x0800591c
 .igot.plt      0x00000000        0x0 main.o

.bss            0x20000020      0xd70 load address 0x0800591c
 *(.bss*)
 .bss.plc_dbg_mode
                0x20000020        0x1 main.o
                0x20000020                plc_dbg_mode
 *fill*         0x20000021        0x3 
 .bss.outptr    0x20000024        0x4 xprintf.o
 .bss.out_ptr   0x20000028        0x4 plc_libc.o
 .bss.out_cnt   0x2000002c        0x1 plc_libc.o
 .bss.plc_clock_hse_failure
                0x2000002d        0x1 plc_clock.o
                0x2000002d                plc_clock_hse_failure
 .bss.pll_is_dirty
                0x2000002e        0x1 plc_clock.o
 *fill*         0x2000002f        0x1 
 .bss.plc_sys_timer
                0x20000030        0x4 plc_wait_tmr.o
                0x20000030                plc_sys_timer
 .bss.plc_wait_cnt
                0x20000034        0x4 plc_wait_tmr.o
                0x20000034                plc_wait_cnt
 .bss.print_buf
                0x20000038       0x80 plc_iom.o
 .bss.plc_backup_buff
                0x200000b8       0x10 plc_backup.o
 .bss.plc_rtc_failure
                0x200000c8        0x1 plc_rtc.o
                0x200000c8                plc_rtc_failure
 *fill*         0x200000c9        0x3 
 .bss.plc_rtc_tick_ns
                0x200000cc        0x4 plc_rtc.o
 .bss.plc_rtc_correction
                0x200000d0        0x8 plc_rtc.o
 .bss.plc_rtc_dr
                0x200000d8        0x4 plc_rtc.o
 .bss.plc_rtc_tr
                0x200000dc        0x4 plc_rtc.o
 .bss.last_sec.4575
                0x200000e0        0x4 plc_rtc.o
 .bss.rtc_tr.4582
                0x200000e4        0x4 plc_rtc.o
 .bss.rtc_dr.4583
                0x200000e8        0x4 plc_rtc.o
 *fill*         0x200000ec        0x4 
 .bss.rtc_corr.4584
                0x200000f0        0x8 plc_rtc.o
 .bss.curr.4580
                0x200000f8       0x18 plc_rtc.o
 .bss.plc_diag_status
                0x20000110        0x4 plc_diag.o
                0x20000110                plc_diag_status
 .bss.blink_thr
                0x20000114        0x4 plc_diag.o
 .bss.blink_tmr
                0x20000118        0x4 plc_diag.o
 .bss.rtc_last_val
                0x2000011c        0x8 plc_diag.o
 .bss.rtc_chck_tmr
                0x20000124        0x4 plc_diag.o
 .bss.diag_post_flg
                0x20000128        0x5 plc_diag.o
 .bss.plc_has_wdt
                0x2000012d        0x1 plc_diag.o
 .bss.plc_wcct_pivot_present
                0x2000012e        0x1 plc_diag.o
 *fill*         0x2000012f        0x1 
 .bss.plc_diag_wcct
                0x20000130        0x8 plc_diag.o
                0x20000130                plc_diag_wcct
 .bss.pivot.4895
                0x20000138        0x4 plc_diag.o
 *fill*         0x2000013c        0x4 
 .bss.systick_ctrl
                0x20000140       0x30 plc_tick.o
 .bss.tick_state
                0x20000170        0x4 plc_tick.o
 .bss.plc_tick_flag
                0x20000174        0x1 plc_tick.o
                0x20000174                plc_tick_flag
 .bss.usart_data
                0x20000175        0x1 plc_serial.o
 *fill*         0x20000176        0x2 
 .bss.usart_rx_buf
                0x20000178       0x86 plc_serial.o
 *fill*         0x200001fe        0x2 
 .bss.usart_tx_buf
                0x20000200       0x86 plc_serial.o
 *fill*         0x20000286        0x2 
 .bss.__tick    0x20000288        0x4 plc_app_default.o
 .bss.LogBuff   0x2000028c      0x800 plc_app_default.o
 *fill*         0x20000a8c        0x4 
 .bss.LogCursor
                0x20000a90       0x20 plc_app_default.o
 .bss.plc_dbg_ctrl
                0x20000ab0      0x230 plc_dbg.o
                0x20000ab0                plc_dbg_ctrl
 *(COMMON)
 COMMON         0x20000ce0        0x4 xprintf.o
                0x20000ce0                xfunc_out
 COMMON         0x20000ce4        0xc plc_iom.o
                0x20000ce4                plc_iom
 COMMON         0x20000cf0       0xa0 plc_hw.o
                0x20000cf0                in_flt
                0x20000d90                . = ALIGN (0x4)
                0x20000d90                _ebss = .
                0x20000d90                . = ALIGN (0x4)
                0x20000d90                end = .
OUTPUT(main.elf elf32-littlearm)

.debug_info

.debug_abbrev

.debug_aranges

.debug_ranges

.debug_line

.debug_str

.comment        0x00000000       0xee
 .comment       0x00000000       0x70 main.o
                                 0x71 (size before relaxing)
 .comment       0x00000000       0x71 xprintf.o
 .comment       0x00000000       0x71 plc_libc.o
 .comment       0x00000000       0x71 plc_clock.o
 .comment       0x00000000       0x71 plc_wait_tmr.o
 .comment       0x00000000       0x71 plc_iom.o
 .comment       0x00000000       0x71 plc_backup.o
 .comment       0x00000000       0x71 plc_rtc.o
 .comment       0x00000000       0x71 plc_glue_rte.o
 .comment       0x00000000       0x71 plc_diag.o
 .comment       0x00000000       0x71 plc_isr_stubs.o
 .comment       0x00000000       0x71 frac_div.o
 .comment       0x00000000       0x71 plc_tick.o
 .comment       0x00000000       0x71 plc_serial.o
 .comment       0x00000000       0x71 plc_app_default.o
 .comment       0x00000000       0x71 plc_dbg.o
 .comment       0x00000000       0x71 plc_gpio.o
 .comment       0x00000000       0x71 dbnc_flt.o
 .comment       0x00000000       0x71 plc_hw.o
 .comment       0x00000070       0x7e /home/felipe/projects_study/automation/beremiz/related-projects/ioton_plc/libopencm3_stm32f4/lib/libopencm3_stm32f4.a(pwr.o)
                                 0x7f (size before relaxing)
 .comment       0x00000000       0x7f /home/felipe/projects_study/automation/beremiz/related-projects/ioton_plc/libopencm3_stm32f4/lib/libopencm3_stm32f4.a(rcc.o)
 .comment       0x00000000       0x7f /home/felipe/projects_study/automation/beremiz/related-projects/ioton_plc/libopencm3_stm32f4/lib/libopencm3_stm32f4.a(gpio_common_all.o)
 .comment       0x00000000       0x7f /home/felipe/projects_study/automation/beremiz/related-projects/ioton_plc/libopencm3_stm32f4/lib/libopencm3_stm32f4.a(gpio_common_f0234.o)
 .comment       0x00000000       0x7f /home/felipe/projects_study/automation/beremiz/related-projects/ioton_plc/libopencm3_stm32f4/lib/libopencm3_stm32f4.a(pwr_common_all.o)
 .comment       0x00000000       0x7f /home/felipe/projects_study/automation/beremiz/related-projects/ioton_plc/libopencm3_stm32f4/lib/libopencm3_stm32f4.a(rtc_common_l1f024.o)
 .comment       0x00000000       0x7f /home/felipe/projects_study/automation/beremiz/related-projects/ioton_plc/libopencm3_stm32f4/lib/libopencm3_stm32f4.a(timer_common_all.o)
 .comment       0x00000000       0x7f /home/felipe/projects_study/automation/beremiz/related-projects/ioton_plc/libopencm3_stm32f4/lib/libopencm3_stm32f4.a(usart_common_all.o)
 .comment       0x00000000       0x7f /home/felipe/projects_study/automation/beremiz/related-projects/ioton_plc/libopencm3_stm32f4/lib/libopencm3_stm32f4.a(usart_common_f124.o)
 .comment       0x00000000       0x7f /home/felipe/projects_study/automation/beremiz/related-projects/ioton_plc/libopencm3_stm32f4/lib/libopencm3_stm32f4.a(flash_common_f234.o)
 .comment       0x00000000       0x7f /home/felipe/projects_study/automation/beremiz/related-projects/ioton_plc/libopencm3_stm32f4/lib/libopencm3_stm32f4.a(rcc_common_all.o)
 .comment       0x00000000       0x7f /home/felipe/projects_study/automation/beremiz/related-projects/ioton_plc/libopencm3_stm32f4/lib/libopencm3_stm32f4.a(vector.o)
 .comment       0x00000000       0x7f /home/felipe/projects_study/automation/beremiz/related-projects/ioton_plc/libopencm3_stm32f4/lib/libopencm3_stm32f4.a(systick.o)
 .comment       0x00000000       0x7f /home/felipe/projects_study/automation/beremiz/related-projects/ioton_plc/libopencm3_stm32f4/lib/libopencm3_stm32f4.a(scb.o)
 .comment       0x00000000       0x7f /home/felipe/projects_study/automation/beremiz/related-projects/ioton_plc/libopencm3_stm32f4/lib/libopencm3_stm32f4.a(nvic.o)
 .comment       0x00000000       0x7f /home/felipe/projects_study/automation/beremiz/related-projects/ioton_plc/libopencm3_stm32f4/lib/libopencm3_stm32f4.a(dwt.o)

.ARM.attributes
                0x00000000       0x39
 .ARM.attributes
                0x00000000       0x39 main.o
 .ARM.attributes
                0x00000039       0x39 xprintf.o
 .ARM.attributes
                0x00000072       0x39 plc_libc.o
 .ARM.attributes
                0x000000ab       0x39 plc_clock.o
 .ARM.attributes
                0x000000e4       0x39 plc_wait_tmr.o
 .ARM.attributes
                0x0000011d       0x39 plc_iom.o
 .ARM.attributes
                0x00000156       0x39 plc_backup.o
 .ARM.attributes
                0x0000018f       0x39 plc_rtc.o
 .ARM.attributes
                0x000001c8       0x39 plc_glue_rte.o
 .ARM.attributes
                0x00000201       0x39 plc_diag.o
 .ARM.attributes
                0x0000023a       0x39 plc_isr_stubs.o
 .ARM.attributes
                0x00000273       0x39 frac_div.o
 .ARM.attributes
                0x000002ac       0x39 plc_tick.o
 .ARM.attributes
                0x000002e5       0x39 plc_serial.o
 .ARM.attributes
                0x0000031e       0x39 plc_app_default.o
 .ARM.attributes
                0x00000357       0x39 plc_dbg.o
 .ARM.attributes
                0x00000390       0x39 plc_gpio.o
 .ARM.attributes
                0x000003c9       0x39 dbnc_flt.o
 .ARM.attributes
                0x00000402       0x39 plc_hw.o
 .ARM.attributes
                0x0000043b       0x39 /home/felipe/projects_study/automation/beremiz/related-projects/ioton_plc/libopencm3_stm32f4/lib/libopencm3_stm32f4.a(pwr.o)
 .ARM.attributes
                0x00000474       0x39 /home/felipe/projects_study/automation/beremiz/related-projects/ioton_plc/libopencm3_stm32f4/lib/libopencm3_stm32f4.a(rcc.o)
 .ARM.attributes
                0x000004ad       0x39 /home/felipe/projects_study/automation/beremiz/related-projects/ioton_plc/libopencm3_stm32f4/lib/libopencm3_stm32f4.a(gpio_common_all.o)
 .ARM.attributes
                0x000004e6       0x39 /home/felipe/projects_study/automation/beremiz/related-projects/ioton_plc/libopencm3_stm32f4/lib/libopencm3_stm32f4.a(gpio_common_f0234.o)
 .ARM.attributes
                0x0000051f       0x39 /home/felipe/projects_study/automation/beremiz/related-projects/ioton_plc/libopencm3_stm32f4/lib/libopencm3_stm32f4.a(pwr_common_all.o)
 .ARM.attributes
                0x00000558       0x39 /home/felipe/projects_study/automation/beremiz/related-projects/ioton_plc/libopencm3_stm32f4/lib/libopencm3_stm32f4.a(rtc_common_l1f024.o)
 .ARM.attributes
                0x00000591       0x39 /home/felipe/projects_study/automation/beremiz/related-projects/ioton_plc/libopencm3_stm32f4/lib/libopencm3_stm32f4.a(timer_common_all.o)
 .ARM.attributes
                0x000005ca       0x39 /home/felipe/projects_study/automation/beremiz/related-projects/ioton_plc/libopencm3_stm32f4/lib/libopencm3_stm32f4.a(usart_common_all.o)
 .ARM.attributes
                0x00000603       0x39 /home/felipe/projects_study/automation/beremiz/related-projects/ioton_plc/libopencm3_stm32f4/lib/libopencm3_stm32f4.a(usart_common_f124.o)
 .ARM.attributes
                0x0000063c       0x39 /home/felipe/projects_study/automation/beremiz/related-projects/ioton_plc/libopencm3_stm32f4/lib/libopencm3_stm32f4.a(flash_common_f234.o)
 .ARM.attributes
                0x00000675       0x39 /home/felipe/projects_study/automation/beremiz/related-projects/ioton_plc/libopencm3_stm32f4/lib/libopencm3_stm32f4.a(rcc_common_all.o)
 .ARM.attributes
                0x000006ae       0x39 /home/felipe/projects_study/automation/beremiz/related-projects/ioton_plc/libopencm3_stm32f4/lib/libopencm3_stm32f4.a(vector.o)
 .ARM.attributes
                0x000006e7       0x39 /home/felipe/projects_study/automation/beremiz/related-projects/ioton_plc/libopencm3_stm32f4/lib/libopencm3_stm32f4.a(systick.o)
 .ARM.attributes
                0x00000720       0x39 /home/felipe/projects_study/automation/beremiz/related-projects/ioton_plc/libopencm3_stm32f4/lib/libopencm3_stm32f4.a(scb.o)
 .ARM.attributes
                0x00000759       0x39 /home/felipe/projects_study/automation/beremiz/related-projects/ioton_plc/libopencm3_stm32f4/lib/libopencm3_stm32f4.a(nvic.o)
 .ARM.attributes
                0x00000792       0x39 /home/felipe/projects_study/automation/beremiz/related-projects/ioton_plc/libopencm3_stm32f4/lib/libopencm3_stm32f4.a(dwt.o)
 .ARM.attributes
                0x000007cb       0x22 /home/felipe/projects_study/automation/beremiz/related-projects/nucleron/gcc-arm-none-eabi-4_9-2015q3/lib/gcc/arm-none-eabi/4.9.3/armv7e-m/fpu/libgcc.a(_aeabi_ldivmod.o)
 .ARM.attributes
                0x000007ed       0x22 /home/felipe/projects_study/automation/beremiz/related-projects/nucleron/gcc-arm-none-eabi-4_9-2015q3/lib/gcc/arm-none-eabi/4.9.3/armv7e-m/fpu/libgcc.a(_aeabi_uldivmod.o)
 .ARM.attributes
                0x0000080f       0x34 /home/felipe/projects_study/automation/beremiz/related-projects/nucleron/gcc-arm-none-eabi-4_9-2015q3/lib/gcc/arm-none-eabi/4.9.3/armv7e-m/fpu/libgcc.a(bpabi.o)
 .ARM.attributes
                0x00000843       0x22 /home/felipe/projects_study/automation/beremiz/related-projects/nucleron/gcc-arm-none-eabi-4_9-2015q3/lib/gcc/arm-none-eabi/4.9.3/armv7e-m/fpu/libgcc.a(_dvmd_tls.o)
 .ARM.attributes
                0x00000865       0x34 /home/felipe/projects_study/automation/beremiz/related-projects/nucleron/gcc-arm-none-eabi-4_9-2015q3/lib/gcc/arm-none-eabi/4.9.3/armv7e-m/fpu/libgcc.a(_divdi3.o)
 .ARM.attributes
                0x00000899       0x34 /home/felipe/projects_study/automation/beremiz/related-projects/nucleron/gcc-arm-none-eabi-4_9-2015q3/lib/gcc/arm-none-eabi/4.9.3/armv7e-m/fpu/libgcc.a(_udivdi3.o)

.debug_frame

.debug_macro

.debug_loc
